// Jest Snapshot v1, https://goo.gl/fbAQLP

exports[`Test <App /> debe hacer "match" con el "snapshot" 1`] = `
<div>
  <h1
    data-testid="test-title"
  />
  <p />
</div>
`;
